// Bun Snapshot v1, https://goo.gl/fbAQLP

exports[`I18n interpolators (embeds > muteCommand) warnsAmount > 0 1`] = `
[
  "You've been muted 0 times.",
  "Vous avez été mute 0 fois.",
]
`;

exports[`I18n interpolators (embeds > muteCommand) warnsAmount > singular 1`] = `
[
  "You've been muted 1 time.",
  "Vous avez été mute 1 fois.",
]
`;

exports[`I18n interpolators (embeds > muteCommand) warnsAmount > plural 1`] = `
[
  "You've been muted 2 times.",
  "Vous avez été mute 2 fois.",
]
`;
